// Jest Snapshot v1, https://goo.gl/fbAQLP

exports[`<Main /> should render the heading 1`] = `
<main
  class="styles__Wrapper-sc-1k8d0zu-0 kdLOfQ"
>
  <h1
    class="styles__GoodMorning-sc-1k8d0zu-1 iCffMp"
    style="opacity: 1;"
  >
    Testing message
  </h1>
  <footer
    class="styles__Footer-sc-1k8d0zu-4 cOTAKZ"
    style="opacity: 1;"
  >
    <p>
      ©
      2021
       made with ♥ by
       
      <a
        href="https://www.johnywalves.com.br"
        rel="noopener noreferrer"
        target="_blank"
      >
        Johny W. Alves
      </a>
    </p>
  </footer>
  <div
    class="styles__Astro-sc-1k8d0zu-3 fgYxvE"
  />
</main>
`;
