// Jest Snapshot v1, https://goo.gl/fbAQLP

exports[`<Main /> should render the heading 1`] = `
.c4 {
  all: unset;
  appearance: none;
  cursor: pointer;
  display: block;
  position: absolute;
  right: 1.75rem;
  bottom: 1.75rem;
}

.c0 {
  background-color: var(--bg);
  color: var(--textNormal);
  width: 100%;
  height: 100%;
  padding: '3rem';
  text-align: center;
  display: flex;
  flex-direction: column;
  align-items: center;
  justify-content: center;
}

.c0 a {
  color: var(--textLink);
  text-decoration: none;
}

.c1 {
  position: absolute;
  top: 50%;
  left: 50%;
  transform: translate(-50%,-50%);
  opacity: 0;
  font-size: 3rem;
  width: min(50rem,100%);
  transition: opacity 2s;
  transition-delay: 0.5s;
  cursor: pointer;
  z-index: 2;
}

.c3 {
  margin: 0;
  width: 30px;
  height: 30px;
  display: block;
  border-radius: 50%;
  position: absolute;
  right: 1.75rem;
  top: 1.75rem;
  z-index: 1;
  border: solid 1px var(--bg);
  transition: all 0.5s cubic-bezier(0,0.92,0.27,0.82);
  cursor: pointer;
  background-color: var(--bg);
  box-shadow: inset 2px -2px 0px 0px #ffffff,inset 8px -8px 0px 0px #d8e8f7;
}

.light .c3 {
  background-color: #ffdb01!important;
  box-shadow: inset -4px 0px 0px #ff8603,inset 2px 0px 0px #ffffffcc,inset -5px 0px 0px 2px #ffd201,0px 0px 0px 8px #ffd20133,0px 0px 0px 16px #ffd20133,0px 0px 0px 24px #ffd20111,0px 0px 0px 130vh #fff,0px 0px 0px 130vw #fff,0px 0px 0px 200vh #ffffff55,0px 0px 0px 200vw #ffffff55;
}

.c2 {
  opacity: 0;
  font-size: 1.5rem;
  position: absolute;
  bottom: 2rem;
  transition: opacity 2.5s;
  transition-delay: 1.5s;
  z-index: 2;
}

.c2 span {
  color: #e01324;
  margin: 0 0.5rem;
}

<main
  class="c0"
>
  <h1
    class="c1"
    style="opacity: 1;"
  >
    Testing message
  </h1>
  <footer
    class="c2"
    style="opacity: 1;"
  >
    <p>
      Made with 
      <span>
        ♥
      </span>
       by
       
      <a
        href="https://www.johnywalves.com.br"
        rel="noopener noreferrer"
        target="_blank"
      >
        Johny W. Alves
      </a>
    </p>
  </footer>
  <div
    class="c3"
  />
  <button
    class="c4"
  >
    <svg
      height="32"
      viewBox="0 0 448 512"
      width="32"
      xmlns="http://www.w3.org/2000/svg"
    >
      <path
        d="M352 224c53 0 96-43 96-96s-43-96-96-96s-96 43-96 96c0 4 .2 8 .7 11.9l-94.1 47C145.4 170.2 121.9 160 96 160c-53 0-96 43-96 96s43 96 96 96c25.9 0 49.4-10.2 66.6-26.9l94.1 47c-.5 3.9-.7 7.8-.7 11.9c0 53 43 96 96 96s96-43 96-96s-43-96-96-96c-25.9 0-49.4 10.2-66.6 26.9l-94.1-47c.5-3.9 .7-7.8 .7-11.9s-.2-8-.7-11.9l94.1-47C302.6 213.8 326.1 224 352 224z"
        fill="var(--textNormal)"
      />
    </svg>
  </button>
</main>
`;
