// Jest Snapshot v1, https://goo.gl/fbAQLP

exports[`<Main /> should render the heading 1`] = `
<main
  class="styles__Wrapper-sc-1cs6c8-0 gLRoaV"
>
  <h1
    class="styles__GoodMorning-sc-1cs6c8-1 jyrQfH"
    style="opacity: 1;"
  >
    Testing message
  </h1>
  <footer
    class="styles__Footer-sc-1cs6c8-2 kyigzk"
    style="opacity: 1;"
  >
    <p>
      ©
      <span
        id="currentYear"
      />
       made with ♥ by
       
      <a
        href="https://www.johnywalves.com.br"
        rel="noopener noreferrer"
        target="_blank"
      >
        Johny W. Alves
      </a>
    </p>
  </footer>
</main>
`;
